// Jest Snapshot v1, https://goo.gl/fbAQLP

exports[`/Users/Raiden/development/.boilerplates/vite-boilerplate/__tests__/screens/NotFound.spec.tsx should render without crashing 1`] = `
<DocumentFragment>
  <div
    class="NotFound"
  >
    <h1>
      404
    </h1>
  </div>
</DocumentFragment>
`;
