// Jest Snapshot v1, https://goo.gl/fbAQLP

exports[`/Users/Raiden/development/.boilerplates/vite-boilerplate/__tests__/hooks/GlobalProvider.spec.tsx renders the global provider 1`] = `<DocumentFragment />`;
