// Jest Snapshot v1, https://goo.gl/fbAQLP

exports[`render the app should render without crashing 1`] = `<DocumentFragment />`;
